[line 1] IDENTIFIER andy null
[line 1] IDENTIFIER classy null
[line 1] IDENTIFIER elsewhere null
[line 1] IDENTIFIER falsehood null
[line 1] IDENTIFIER format null
[line 1] IDENTIFIER funny null
[line 1] IDENTIFIER ifs null
[line 1] IDENTIFIER nilly null
[line 1] IDENTIFIER orchid null
[line 1] IDENTIFIER printer null
[line 1] IDENTIFIER returns null
[line 2] EOF <eof> null
