[line 1] AND and null
[line 1] CLASS class null
[line 1] ELSE else null
[line 1] FALSE false null
[line 1] FOR for null
[line 1] FUNN fun null
[line 1] IF if null
[line 1] NIL nil null
[line 1] OR or null
[line 1] PRINT print null
[line 1] RETURN return null
[line 1] SUPER super null
[line 1] THIS this null
[line 1] TRUE true null
[line 1] VAR var null
[line 1] WHILE while null
[line 2] EOF <eof> null
